[INFO] Scanning for projects...
[INFO] 
[INFO] ----------------------------< com.bsep:pki >----------------------------
[INFO] Building  0.0.1-SNAPSHOT
[INFO]   from pom.xml
[INFO] --------------------------------[ jar ]---------------------------------
[INFO] 
[INFO] --- clean:3.4.1:clean (default-clean) @ pki ---
[INFO] Deleting C:\Faks\Bezbednost\-e2-ma-tim29-2026\backend\target
[INFO] 
[INFO] --- resources:3.3.1:resources (default-resources) @ pki ---
[INFO] Copying 2 resources from src\main\resources to target\classes
[INFO] Copying 0 resource from src\main\resources to target\classes
[INFO] 
[INFO] --- compiler:3.14.1:compile (default-compile) @ pki ---
[INFO] Recompiling the module because of changed source code.
[INFO] Compiling 28 source files with javac [debug parameters release 21] to target\classes
[INFO] /C:/Faks/Bezbednost/-e2-ma-tim29-2026/backend/src/main/java/com/bsep/pki/security/SecurityConfig.java: C:\Faks\Bezbednost\-e2-ma-tim29-2026\backend\src\main\java\com\bsep\pki\security\SecurityConfig.java uses or overrides a deprecated API.
[INFO] /C:/Faks/Bezbednost/-e2-ma-tim29-2026/backend/src/main/java/com/bsep/pki/security/SecurityConfig.java: Recompile with -Xlint:deprecation for details.
[INFO] ------------------------------------------------------------------------
[INFO] BUILD SUCCESS
[INFO] ------------------------------------------------------------------------
[INFO] Total time:  10.397 s
[INFO] Finished at: 2026-04-15T13:38:43-05:00
[INFO] ------------------------------------------------------------------------
